./gradlew : 
At line:1 char:1
+ ./gradlew build --stacktrace 2>&1 | tee build_error.log
+ ~~~~~~~~~~~~~~~~~~~~~~~~~~~~~~~~~
    + CategoryInfo          : NotSpecified: (:String) [], Remote 
   Exception
    + FullyQualifiedErrorId : NativeCommandError
 
FAILURE: Build failed with an exception.

* Where:
Build file 'E:\Minecraft Project\Vanilla Outsider 
Collections\Better Dogs\build.gradle' line: 2

* What went wrong:
Plugin [id: 'net.fabricmc.fabric-loom', version: '1.15'] was not 
found in any of the following sources:

- Gradle Core Plugins (plugin is not in 'org.gradle' namespace)
- Included Builds (No included builds contain this plugin)
- Plugin Repositories (could not resolve plugin artifact 'net.fab
ricmc.fabric-loom:net.fabricmc.fabric-loom.gradle.plugin:1.15')
  Searched in the following repositories:
    maven(https://maven.fabricmc.net/)
    MavenRepo
    Gradle Central Plugin Repository

* Try:
> Run with --info or --debug option to get more log output.
> Run with --scan to get full insights from a Build Scan 
(powered by Develocity).
> Get more help at https://help.gradle.org.

* Exception is:
org.gradle.api.plugins.UnknownPluginException: Plugin [id: 
'net.fabricmc.fabric-loom', version: '1.15'] was not found in 
any of the following sources:

- Gradle Core Plugins (plugin is not in 'org.gradle' namespace)
- Included Builds (No included builds contain this plugin)
- Plugin Repositories (could not resolve plugin artifact 'net.fab
ricmc.fabric-loom:net.fabricmc.fabric-loom.gradle.plugin:1.15')
  Searched in the following repositories:
    maven(https://maven.fabricmc.net/)
    MavenRepo
    Gradle Central Plugin Repository
	at org.gradle.plugin.use.resolve.internal.PluginResolutionResult
.getFound(PluginResolutionResult.java:112)
	at org.gradle.plugin.use.internal.DefaultPluginRequestApplicator
.resolvePluginRequest(DefaultPluginRequestApplicator.java:198)
	at org.gradle.plugin.use.internal.DefaultPluginRequestApplicator
.applyPlugins(DefaultPluginRequestApplicator.java:102)
	at org.gradle.configuration.DefaultScriptPluginFactory$ScriptPlu
ginImpl.apply(DefaultScriptPluginFactory.java:123)
	at org.gradle.configuration.BuildOperationScriptPlugin$1.run(Bui
ldOperationScriptPlugin.java:68)
	at org.gradle.internal.operations.DefaultBuildOperationRunner$1.
execute(DefaultBuildOperationRunner.java:29)
	at org.gradle.internal.operations.DefaultBuildOperationRunner$1.
execute(DefaultBuildOperationRunner.java:26)
	at org.gradle.internal.operations.DefaultBuildOperationRunner$2.
execute(DefaultBuildOperationRunner.java:66)
	at org.gradle.internal.operations.DefaultBuildOperationRunner$2.
execute(DefaultBuildOperationRunner.java:59)
	at org.gradle.internal.operations.DefaultBuildOperationRunner.ex
ecute(DefaultBuildOperationRunner.java:166)
	at org.gradle.internal.operations.DefaultBuildOperationRunner.ex
ecute(DefaultBuildOperationRunner.java:59)
	at org.gradle.internal.operations.DefaultBuildOperationRunner.ru
n(DefaultBuildOperationRunner.java:47)
	at org.gradle.configuration.BuildOperationScriptPlugin.lambda$ap
ply$0(BuildOperationScriptPlugin.java:65)
	at org.gradle.internal.code.DefaultUserCodeApplicationContext.ap
ply(DefaultUserCodeApplicationContext.java:44)
	at org.gradle.configuration.BuildOperationScriptPlugin.apply(Bui
ldOperationScriptPlugin.java:65)
	at org.gradle.api.internal.project.DefaultProjectStateRegistry$P
rojectStateImpl.lambda$applyToMutableState$0(DefaultProjectStateR
egistry.java:443)
	at org.gradle.api.internal.project.DefaultProjectStateRegistry$P
rojectStateImpl.lambda$fromMutableState$1(DefaultProjectStateRegi
stry.java:450)
	at org.gradle.api.internal.project.DefaultProjectStateRegistry$P
rojectStateImpl.runWithModelLock(DefaultProjectStateRegistry.java
:466)
	at org.gradle.api.internal.project.DefaultProjectStateRegistry$P
rojectStateImpl.fromMutableState(DefaultProjectStateRegistry.java
:450)
	at org.gradle.api.internal.project.DefaultProjectStateRegistry$P
rojectStateImpl.applyToMutableState(DefaultProjectStateRegistry.j
ava:442)
	at org.gradle.configuration.project.BuildScriptProcessor.execute
(BuildScriptProcessor.java:46)
	at org.gradle.configuration.project.BuildScriptProcessor.execute
(BuildScriptProcessor.java:27)
	at org.gradle.configuration.project.ConfigureActionsProjectEvalu
ator.evaluate(ConfigureActionsProjectEvaluator.java:35)
	at org.gradle.configuration.project.LifecycleProjectEvaluator$Ev
aluateProject.lambda$run$0(LifecycleProjectEvaluator.java:109)
	at org.gradle.api.internal.project.DefaultProjectStateRegistry$P
rojectStateImpl.lambda$applyToMutableState$0(DefaultProjectStateR
egistry.java:443)
	at org.gradle.api.internal.project.DefaultProjectStateRegistry$P
rojectStateImpl.lambda$fromMutableState$1(DefaultProjectStateRegi
stry.java:450)
	at org.gradle.internal.work.DefaultWorkerLeaseService.lambda$wit
hLocksAcquired$0(DefaultWorkerLeaseService.java:269)
	at org.gradle.internal.work.ResourceLockStatistics$1.measure(Res
ourceLockStatistics.java:42)
	at org.gradle.internal.work.DefaultWorkerLeaseService.withLocksA
cquired(DefaultWorkerLeaseService.java:267)
	at org.gradle.internal.work.DefaultWorkerLeaseService.lambda$wit
hReplacedLocks$3(DefaultWorkerLeaseService.java:365)
	at org.gradle.internal.work.DefaultWorkerLeaseService.withoutLoc
ks(DefaultWorkerLeaseService.java:337)
	at org.gradle.internal.work.DefaultWorkerLeaseService.withReplac
edLocks(DefaultWorkerLeaseService.java:364)
	at org.gradle.api.internal.project.DefaultProjectStateRegistry$P
rojectStateImpl.runWithModelLock(DefaultProjectStateRegistry.java
:471)
	at org.gradle.api.internal.project.DefaultProjectStateRegistry$P
rojectStateImpl.fromMutableState(DefaultProjectStateRegistry.java
:450)
	at org.gradle.api.internal.project.DefaultProjectStateRegistry$P
rojectStateImpl.applyToMutableState(DefaultProjectStateRegistry.j
ava:442)
	at org.gradle.configuration.project.LifecycleProjectEvaluator$Ev
aluateProject.run(LifecycleProjectEvaluator.java:100)
	at org.gradle.internal.operations.DefaultBuildOperationRunner$1.
execute(DefaultBuildOperationRunner.java:29)
	at org.gradle.internal.operations.DefaultBuildOperationRunner$1.
execute(DefaultBuildOperationRunner.java:26)
	at org.gradle.internal.operations.DefaultBuildOperationRunner$2.
execute(DefaultBuildOperationRunner.java:66)
	at org.gradle.internal.operations.DefaultBuildOperationRunner$2.
execute(DefaultBuildOperationRunner.java:59)
	at org.gradle.internal.operations.DefaultBuildOperationRunner.ex
ecute(DefaultBuildOperationRunner.java:166)
	at org.gradle.internal.operations.DefaultBuildOperationRunner.ex
ecute(DefaultBuildOperationRunner.java:59)
	at org.gradle.internal.operations.DefaultBuildOperationRunner.ru
n(DefaultBuildOperationRunner.java:47)
	at org.gradle.configuration.project.LifecycleProjectEvaluator.ev
aluate(LifecycleProjectEvaluator.java:72)
	at org.gradle.api.internal.project.DefaultProject.evaluateUnchec
ked(DefaultProject.java:796)
	at org.gradle.api.internal.project.ProjectLifecycleController.la
mbda$ensureSelfConfigured$2(ProjectLifecycleController.java:93)
	at org.gradle.internal.model.StateTransitionController.lambda$do
Transition$14(StateTransitionController.java:265)
	at org.gradle.internal.model.StateTransitionController.doTransit
ion(StateTransitionController.java:276)
	at org.gradle.internal.model.StateTransitionController.doTransit
ion(StateTransitionController.java:264)
	at org.gradle.internal.model.StateTransitionController.lambda$ma
ybeTransitionIfNotCurrentlyTransitioning$10(StateTransitionContro
ller.java:209)
	at org.gradle.internal.work.DefaultSynchronizer.withLock(Default
Synchronizer.java:35)
	at org.gradle.internal.model.StateTransitionController.maybeTran
sitionIfNotCurrentlyTransitioning(StateTransitionController.java:
205)
	at org.gradle.api.internal.project.ProjectLifecycleController.en
sureSelfConfigured(ProjectLifecycleController.java:93)
	at org.gradle.api.internal.project.DefaultProjectStateRegistry$P
rojectStateImpl.ensureConfigured(DefaultProjectStateRegistry.java
:408)
	at org.gradle.execution.TaskPathProjectEvaluator.configure(TaskP
athProjectEvaluator.java:71)
	at org.gradle.execution.TaskPathProjectEvaluator.configureHierar
chy(TaskPathProjectEvaluator.java:85)
	at org.gradle.configuration.DefaultProjectsPreparer.prepareProje
cts(DefaultProjectsPreparer.java:50)
	at org.gradle.configuration.BuildTreePreparingProjectsPreparer.p
repareProjects(BuildTreePreparingProjectsPreparer.java:65)
	at org.gradle.configuration.BuildOperationFiringProjectsPreparer
$ConfigureBuild.run(BuildOperationFiringProjectsPreparer.java:52)
	at org.gradle.internal.operations.DefaultBuildOperationRunner$1.
execute(DefaultBuildOperationRunner.java:29)
	at org.gradle.internal.operations.DefaultBuildOperationRunner$1.
execute(DefaultBuildOperationRunner.java:26)
	at org.gradle.internal.operations.DefaultBuildOperationRunner$2.
execute(DefaultBuildOperationRunner.java:66)
	at org.gradle.internal.operations.DefaultBuildOperationRunner$2.
execute(DefaultBuildOperationRunner.java:59)
	at org.gradle.internal.operations.DefaultBuildOperationRunner.ex
ecute(DefaultBuildOperationRunner.java:166)
	at org.gradle.internal.operations.DefaultBuildOperationRunner.ex
ecute(DefaultBuildOperationRunner.java:59)
	at org.gradle.internal.operations.DefaultBuildOperationRunner.ru
n(DefaultBuildOperationRunner.java:47)
	at org.gradle.configuration.BuildOperationFiringProjectsPreparer
.prepareProjects(BuildOperationFiringProjectsPreparer.java:40)
	at org.gradle.initialization.VintageBuildModelController.lambda$
prepareProjects$2(VintageBuildModelController.java:83)
	at org.gradle.internal.model.StateTransitionController.lambda$do
Transition$14(StateTransitionController.java:265)
	at org.gradle.internal.model.StateTransitionController.doTransit
ion(StateTransitionController.java:276)
	at org.gradle.internal.model.StateTransitionController.doTransit
ion(StateTransitionController.java:264)
	at org.gradle.internal.model.StateTransitionController.lambda$tr
ansitionIfNotPreviously$11(StateTransitionController.java:223)
	at org.gradle.internal.work.DefaultSynchronizer.withLock(Default
Synchronizer.java:35)
	at org.gradle.internal.model.StateTransitionController.transitio
nIfNotPreviously(StateTransitionController.java:219)
	at org.gradle.initialization.VintageBuildModelController.prepare
Projects(VintageBuildModelController.java:83)
	at org.gradle.initialization.VintageBuildModelController.prepare
ToScheduleTasks(VintageBuildModelController.java:70)
	at org.gradle.internal.build.DefaultBuildLifecycleController.lam
bda$prepareToScheduleTasks$6(DefaultBuildLifecycleController.java
:175)
	at org.gradle.internal.model.StateTransitionController.lambda$do
Transition$14(StateTransitionController.java:265)
	at org.gradle.internal.model.StateTransitionController.doTransit
ion(StateTransitionController.java:276)
	at org.gradle.internal.model.StateTransitionController.doTransit
ion(StateTransitionController.java:264)
	at org.gradle.internal.model.StateTransitionController.lambda$ma
ybeTransition$9(StateTransitionController.java:200)
	at org.gradle.internal.work.DefaultSynchronizer.withLock(Default
Synchronizer.java:35)
	at org.gradle.internal.model.StateTransitionController.maybeTran
sition(StateTransitionController.java:196)
	at org.gradle.internal.build.DefaultBuildLifecycleController.pre
pareToScheduleTasks(DefaultBuildLifecycleController.java:173)
	at org.gradle.internal.buildtree.DefaultBuildTreeWorkPreparer.sc
heduleRequestedTasks(DefaultBuildTreeWorkPreparer.java:35)
	at org.gradle.internal.cc.impl.barrier.BarrierAwareBuildTreeWork
Preparer.scheduleRequestedTasks$lambda$0(BarrierAwareBuildTreeWor
kPreparer.kt:34)
	at org.gradle.internal.cc.impl.barrier.VintageConfigurationTimeA
ctionRunner.runConfigurationTimeAction(VintageConfigurationTimeAc
tionRunner.kt:48)
	at org.gradle.internal.cc.impl.barrier.BarrierAwareBuildTreeWork
Preparer.scheduleRequestedTasks(BarrierAwareBuildTreeWorkPreparer
.kt:33)
	at org.gradle.internal.cc.impl.VintageBuildTreeWorkController$sc
heduleAndRunRequestedTasks$1.apply(VintageBuildTreeWorkController
.kt:36)
	at org.gradle.internal.cc.impl.VintageBuildTreeWorkController$sc
heduleAndRunRequestedTasks$1.apply(VintageBuildTreeWorkController
.kt:35)
	at org.gradle.composite.internal.DefaultIncludedBuildTaskGraph.w
ithNewWorkGraph(DefaultIncludedBuildTaskGraph.java:114)
	at org.gradle.internal.cc.impl.VintageBuildTreeWorkController.sc
heduleAndRunRequestedTasks(VintageBuildTreeWorkController.kt:35)
	at org.gradle.internal.buildtree.DefaultBuildTreeLifecycleContro
ller.lambda$scheduleAndRunTasks$1(DefaultBuildTreeLifecycleContro
ller.java:77)
	at org.gradle.internal.buildtree.DefaultBuildTreeLifecycleContro
ller.lambda$runBuild$4(DefaultBuildTreeLifecycleController.java:1
20)
	at org.gradle.internal.model.StateTransitionController.lambda$tr
ansition$6(StateTransitionController.java:179)
	at org.gradle.internal.model.StateTransitionController.doTransit
ion(StateTransitionController.java:276)
	at org.gradle.internal.model.StateTransitionController.lambda$tr
ansition$7(StateTransitionController.java:179)
	at org.gradle.internal.work.DefaultSynchronizer.withLock(Default
Synchronizer.java:45)
	at org.gradle.internal.model.StateTransitionController.transitio
n(StateTransitionController.java:179)
	at org.gradle.internal.buildtree.DefaultBuildTreeLifecycleContro
ller.runBuild(DefaultBuildTreeLifecycleController.java:117)
	at org.gradle.internal.buildtree.DefaultBuildTreeLifecycleContro
ller.scheduleAndRunTasks(DefaultBuildTreeLifecycleController.java
:77)
	at org.gradle.internal.buildtree.DefaultBuildTreeLifecycleContro
ller.scheduleAndRunTasks(DefaultBuildTreeLifecycleController.java
:72)
	at org.gradle.tooling.internal.provider.ExecuteBuildActionRunner
.run(ExecuteBuildActionRunner.java:31)
	at org.gradle.launcher.exec.ChainingBuildActionRunner.run(Chaini
ngBuildActionRunner.java:35)
	at org.gradle.internal.buildtree.ProblemReportingBuildActionRunn
er.run(ProblemReportingBuildActionRunner.java:54)
	at org.gradle.launcher.exec.BuildOutcomeReportingBuildActionRunn
er.run(BuildOutcomeReportingBuildActionRunner.java:83)
	at org.gradle.tooling.internal.provider.FileSystemWatchingBuildA
ctionRunner.run(FileSystemWatchingBuildActionRunner.java:135)
	at org.gradle.launcher.exec.BuildCompletionNotifyingBuildActionR
unner.run(BuildCompletionNotifyingBuildActionRunner.java:54)
	at org.gradle.launcher.exec.RootBuildLifecycleBuildActionExecuto
r.lambda$execute$0(RootBuildLifecycleBuildActionExecutor.java:101
)
	at org.gradle.composite.internal.DefaultRootBuildState.run(Defau
ltRootBuildState.java:126)
	at org.gradle.launcher.exec.RootBuildLifecycleBuildActionExecuto
r.execute(RootBuildLifecycleBuildActionExecutor.java:101)
	at org.gradle.launcher.exec.BuildTreeLifecycleBuildActionExecuto
r.runRootBuildAction(BuildTreeLifecycleBuildActionExecutor.java:9
8)
	at org.gradle.launcher.exec.BuildTreeLifecycleBuildActionExecuto
r.execute(BuildTreeLifecycleBuildActionExecutor.java:69)
	at org.gradle.launcher.exec.RunAsBuildOperationBuildActionExecut
or$2.call(RunAsBuildOperationBuildActionExecutor.java:65)
	at org.gradle.launcher.exec.RunAsBuildOperationBuildActionExecut
or$2.call(RunAsBuildOperationBuildActionExecutor.java:61)
	at org.gradle.internal.operations.DefaultBuildOperationRunner$Ca
llableBuildOperationWorker.execute(DefaultBuildOperationRunner.ja
va:209)
	at org.gradle.internal.operations.DefaultBuildOperationRunner$Ca
llableBuildOperationWorker.execute(DefaultBuildOperationRunner.ja
va:204)
	at org.gradle.internal.operations.DefaultBuildOperationRunner$2.
execute(DefaultBuildOperationRunner.java:66)
	at org.gradle.internal.operations.DefaultBuildOperationRunner$2.
execute(DefaultBuildOperationRunner.java:59)
	at org.gradle.internal.operations.DefaultBuildOperationRunner.ex
ecute(DefaultBuildOperationRunner.java:166)
	at org.gradle.internal.operations.DefaultBuildOperationRunner.ex
ecute(DefaultBuildOperationRunner.java:59)
	at org.gradle.internal.operations.DefaultBuildOperationRunner.ca
ll(DefaultBuildOperationRunner.java:53)
	at org.gradle.launcher.exec.RunAsBuildOperationBuildActionExecut
or.execute(RunAsBuildOperationBuildActionExecutor.java:61)
	at org.gradle.launcher.exec.RunAsWorkerThreadBuildActionExecutor
.lambda$execute$0(RunAsWorkerThreadBuildActionExecutor.java:36)
	at org.gradle.internal.work.DefaultWorkerLeaseService.lambda$wit
hLocksAcquired$0(DefaultWorkerLeaseService.java:269)
	at org.gradle.internal.work.ResourceLockStatistics$1.measure(Res
ourceLockStatistics.java:42)
	at org.gradle.internal.work.DefaultWorkerLeaseService.withLocksA
cquired(DefaultWorkerLeaseService.java:267)
	at org.gradle.internal.work.DefaultWorkerLeaseService.withLocks(
DefaultWorkerLeaseService.java:259)
	at org.gradle.internal.work.DefaultWorkerLeaseService.runAsWorke
rThread(DefaultWorkerLeaseService.java:127)
	at org.gradle.launcher.exec.RunAsWorkerThreadBuildActionExecutor
.execute(RunAsWorkerThreadBuildActionExecutor.java:36)
	at org.gradle.tooling.internal.provider.continuous.ContinuousBui
ldActionExecutor.execute(ContinuousBuildActionExecutor.java:110)
	at org.gradle.tooling.internal.provider.SubscribableBuildActionE
xecutor.execute(SubscribableBuildActionExecutor.java:64)
	at org.gradle.internal.session.DefaultBuildSessionContext.execut
e(DefaultBuildSessionContext.java:46)
	at org.gradle.internal.buildprocess.execution.BuildSessionLifecy
cleBuildActionExecutor$ActionImpl.apply(BuildSessionLifecycleBuil
dActionExecutor.java:106)
	at org.gradle.internal.buildprocess.execution.BuildSessionLifecy
cleBuildActionExecutor$ActionImpl.apply(BuildSessionLifecycleBuil
dActionExecutor.java:94)
	at org.gradle.internal.session.BuildSessionState.run(BuildSessio
nState.java:73)
	at org.gradle.internal.buildprocess.execution.BuildSessionLifecy
cleBuildActionExecutor.execute(BuildSessionLifecycleBuildActionEx
ecutor.java:67)
	at org.gradle.internal.buildprocess.execution.BuildSessionLifecy
cleBuildActionExecutor.execute(BuildSessionLifecycleBuildActionEx
ecutor.java:45)
	at org.gradle.internal.buildprocess.execution.StartParamsValidat
ingActionExecutor.execute(StartParamsValidatingActionExecutor.jav
a:57)
	at org.gradle.internal.buildprocess.execution.StartParamsValidat
ingActionExecutor.execute(StartParamsValidatingActionExecutor.jav
a:32)
	at org.gradle.internal.buildprocess.execution.SessionFailureRepo
rtingActionExecutor.execute(SessionFailureReportingActionExecutor
.java:51)
	at org.gradle.internal.buildprocess.execution.SessionFailureRepo
rtingActionExecutor.execute(SessionFailureReportingActionExecutor
.java:39)
	at org.gradle.internal.buildprocess.execution.SetupLoggingAction
Executor.execute(SetupLoggingActionExecutor.java:47)
	at org.gradle.internal.buildprocess.execution.SetupLoggingAction
Executor.execute(SetupLoggingActionExecutor.java:31)
	at org.gradle.launcher.daemon.server.exec.ExecuteBuild.doBuild(E
xecuteBuild.java:70)
	at org.gradle.launcher.daemon.server.exec.BuildCommandOnly.execu
te(BuildCommandOnly.java:37)
	at org.gradle.launcher.daemon.server.api.DaemonCommandExecution.
proceed(DaemonCommandExecution.java:104)
	at org.gradle.launcher.daemon.server.exec.WatchForDisconnection.
execute(WatchForDisconnection.java:39)
	at org.gradle.launcher.daemon.server.api.DaemonCommandExecution.
proceed(DaemonCommandExecution.java:104)
	at org.gradle.launcher.daemon.server.exec.ResetDeprecationLogger
.execute(ResetDeprecationLogger.java:29)
	at org.gradle.launcher.daemon.server.api.DaemonCommandExecution.
proceed(DaemonCommandExecution.java:104)
	at org.gradle.launcher.daemon.server.exec.RequestStopIfSingleUse
dDaemon.execute(RequestStopIfSingleUsedDaemon.java:35)
	at org.gradle.launcher.daemon.server.api.DaemonCommandExecution.
proceed(DaemonCommandExecution.java:104)
	at org.gradle.launcher.daemon.server.exec.ForwardClientInput.lam
bda$execute$0(ForwardClientInput.java:40)
	at org.gradle.internal.daemon.clientinput.ClientInputForwarder.f
orwardInput(ClientInputForwarder.java:80)
	at org.gradle.launcher.daemon.server.exec.ForwardClientInput.exe
cute(ForwardClientInput.java:37)
	at org.gradle.launcher.daemon.server.api.DaemonCommandExecution.
proceed(DaemonCommandExecution.java:104)
	at org.gradle.launcher.daemon.server.exec.LogAndCheckHealth.exec
ute(LogAndCheckHealth.java:64)
	at org.gradle.launcher.daemon.server.api.DaemonCommandExecution.
proceed(DaemonCommandExecution.java:104)
	at org.gradle.launcher.daemon.server.exec.LogToClient.doBuild(Lo
gToClient.java:63)
	at org.gradle.launcher.daemon.server.exec.BuildCommandOnly.execu
te(BuildCommandOnly.java:37)
	at org.gradle.launcher.daemon.server.api.DaemonCommandExecution.
proceed(DaemonCommandExecution.java:104)
	at org.gradle.launcher.daemon.server.exec.EstablishBuildEnvironm
ent.doBuild(EstablishBuildEnvironment.java:84)
	at org.gradle.launcher.daemon.server.exec.BuildCommandOnly.execu
te(BuildCommandOnly.java:37)
	at org.gradle.launcher.daemon.server.api.DaemonCommandExecution.
proceed(DaemonCommandExecution.java:104)
	at org.gradle.launcher.daemon.server.exec.StartBuildOrRespondWit
hBusy$1.run(StartBuildOrRespondWithBusy.java:52)
	at org.gradle.launcher.daemon.server.DaemonStateCoordinator.lamb
da$runCommand$0(DaemonStateCoordinator.java:321)
	at org.gradle.internal.concurrent.ExecutorPolicy$CatchAndRecordF
ailures.onExecute(ExecutorPolicy.java:64)
	at org.gradle.internal.concurrent.AbstractManagedExecutor$1.run(
AbstractManagedExecutor.java:47)


BUILD FAILED in 5s
